../Core/Src/main.c:88:5:main	64	static
../Core/Src/main.c:180:6:SystemClock_Config	112	static
../Core/Src/main.c:224:13:MX_I2C1_Init	8	static
../Core/Src/main.c:272:13:MX_TIM2_Init	32	static
../Core/Src/main.c:317:13:MX_TIM3_Init	64	static
../Core/Src/main.c:376:13:MX_USART2_UART_Init	8	static
../Core/Src/main.c:411:13:MX_GPIO_Init	16	static
../Core/Src/main.c:431:6:HAL_TIM_PeriodElapsedCallBack	16	static
../Core/Src/main.c:454:6:HAL_UART_RxCpltCallback	32	static
../Core/Src/main.c:492:6:Error_Handler	8	static,ignoring_inline_asm
